2026-07-26 19:58:45,918 [INFO] [OmniShield Engine] Starting server on http://localhost:3000
2026-07-26 19:58:45,919 [INFO] [OmniShield Engine] Detected Chrome Executable: C:\Program Files\Google\Chrome\Application\chrome.exe
2026-07-26 19:58:45,919 [INFO] [OmniShield Engine] Profiles Storage Directory: C:\Users\Deepak1\OmniShieldProfiles
2026-07-26 19:59:37,746 [INFO] Launching Chrome Profile: 'Lenovo Tab P12 Pro #764' (id=prof-1785074164435)...
2026-07-26 19:59:41,875 [INFO] Profile 'Lenovo Tab P12 Pro #764' launched successfully (PID=32300, CDP Port=9200).
2026-07-26 19:59:42,581 [INFO] Launching Chrome Profile: 'Dell Alienware m18 R2 #320' (id=prof-1785074161640)...
2026-07-26 19:59:46,677 [INFO] Profile 'Dell Alienware m18 R2 #320' launched successfully (PID=20052, CDP Port=9201).
2026-07-26 19:59:57,629 [INFO] Launching Chrome Profile: 'Redmi Note 13 Pro+' (id=prof-1784990373077)...
2026-07-26 20:00:01,680 [INFO] Profile 'Redmi Note 13 Pro+' launched successfully (PID=20608, CDP Port=9202).
2026-07-26 20:05:31,158 [INFO] Launching Chrome Profile: 'iPhone 15 Pro' (id=prof-1785076527365)...
2026-07-26 20:05:35,235 [INFO] Profile 'iPhone 15 Pro' launched successfully (PID=29640, CDP Port=9200).
2026-07-26 20:06:57,634 [INFO] [Stop] Killed Chrome process PID 20052
2026-07-26 20:06:59,333 [INFO] [Stop] Killed Chrome process PID 20608
2026-07-26 20:07:06,682 [INFO] Launching Chrome Profile: 'iPad Air 5th Gen (M1)' (id=prof-1784984028126)...
2026-07-26 20:07:10,968 [INFO] Profile 'iPad Air 5th Gen (M1)' launched successfully (PID=6896, CDP Port=9200).
2026-07-26 20:14:24,358 [INFO] [OmniShield Engine] Starting server on http://localhost:3000
2026-07-26 20:14:24,358 [INFO] [OmniShield Engine] Detected Chrome Executable: C:\Program Files\Google\Chrome\Application\chrome.exe
2026-07-26 20:14:24,358 [INFO] [OmniShield Engine] Profiles Storage Directory: C:\Users\Deepak1\OmniShieldProfiles
2026-07-26 20:16:14,131 [INFO] [OmniShield Engine] Starting server on http://localhost:3000
2026-07-26 20:16:14,131 [INFO] [OmniShield Engine] Detected Chrome Executable: C:\Program Files\Google\Chrome\Application\chrome.exe
2026-07-26 20:16:14,131 [INFO] [OmniShield Engine] Profiles Storage Directory: C:\Users\Deepak1\OmniShieldProfiles
2026-07-26 20:16:26,719 [INFO] Launching Chrome Profile: 'Redmi Note 7' (id=prof-1784977473038)...
2026-07-26 20:16:29,633 [INFO] Launching Chrome Profile: 'iPad Air 5th Gen (M1)' (id=prof-1784984028126)...
2026-07-26 20:16:31,007 [INFO] Profile 'Redmi Note 7' launched successfully (PID=3048, CDP Port=9200).
2026-07-26 20:16:33,869 [INFO] Profile 'iPad Air 5th Gen (M1)' launched successfully (PID=21352, CDP Port=9201).
2026-07-26 20:17:05,621 [INFO] Launching Chrome Profile: 'MacBook Air 15" M2' (id=prof-1784979379086)...
2026-07-26 20:17:09,696 [INFO] Profile 'MacBook Air 15" M2' launched successfully (PID=17156, CDP Port=9200).
2026-07-26 20:17:52,077 [INFO] Launching Chrome Profile: 'iPhone 15 Pro Max' (id=prof-1784980373854)...
2026-07-26 20:17:56,133 [INFO] Profile 'iPhone 15 Pro Max' launched successfully (PID=21256, CDP Port=9202).
2026-07-26 20:18:11,091 [INFO] Launching Chrome Profile: 'Xiaomi Pad 6 Max 14 #960' (id=prof-1785077287617)...
2026-07-26 20:18:15,197 [INFO] Profile 'Xiaomi Pad 6 Max 14 #960' launched successfully (PID=31296, CDP Port=9202).
2026-07-26 20:23:32,660 [INFO] [OmniShield Engine] Starting server on http://localhost:3000
2026-07-26 20:23:32,660 [INFO] [OmniShield Engine] Detected Chrome Executable: C:\Program Files\Google\Chrome\Application\chrome.exe
2026-07-26 20:23:32,660 [INFO] [OmniShield Engine] Profiles Storage Directory: C:\Users\Deepak1\OmniShieldProfiles
2026-07-26 20:23:45,319 [INFO] Launching Chrome Profile: 'HP Envy x360 15 #387' (id=prof-1785077622900)...
2026-07-26 20:23:48,877 [INFO] Launching Chrome Profile: 'Motorola Edge 50 Ultra #461' (id=prof-1785077621748)...
2026-07-26 20:23:49,521 [INFO] Profile 'HP Envy x360 15 #387' launched successfully (PID=16612, CDP Port=9200).
2026-07-26 20:23:52,954 [INFO] Profile 'Motorola Edge 50 Ultra #461' launched successfully (PID=24592, CDP Port=9201).
2026-07-26 20:26:30,078 [INFO] Launching Chrome Profile: 'iPad Air 5th Gen (M1)' (id=prof-1784984028126)...
2026-07-26 20:26:34,369 [INFO] Profile 'iPad Air 5th Gen (M1)' launched successfully (PID=21004, CDP Port=9202).
2026-07-26 20:33:30,721 [INFO] [OmniShield Engine] Starting server on http://localhost:3000
2026-07-26 20:33:30,721 [INFO] [OmniShield Engine] Detected Chrome Executable: C:\Program Files\Google\Chrome\Application\chrome.exe
2026-07-26 20:33:30,722 [INFO] [OmniShield Engine] Profiles Storage Directory: C:\Users\Deepak1\OmniShieldProfiles
2026-07-26 20:33:39,741 [INFO] Launching Chrome Profile: 'iPhone 15 Pro Max' (id=prof-1784980373854)...
2026-07-26 20:33:43,446 [INFO] Launching Chrome Profile: 'Motorola Edge 50 Ultra #461' (id=prof-1785077621748)...
2026-07-26 20:33:43,943 [INFO] Profile 'iPhone 15 Pro Max' launched successfully (PID=20588, CDP Port=9200).
2026-07-26 20:33:47,531 [INFO] Profile 'Motorola Edge 50 Ultra #461' launched successfully (PID=15044, CDP Port=9201).
2026-07-26 20:34:30,439 [INFO] Launching Chrome Profile: 'Xiaomi 13T Pro #822' (id=prof-1785078267782)...
2026-07-26 20:34:32,844 [INFO] Launching Chrome Profile: 'iPhone 15 Pro Max #233' (id=prof-1785078268631)...
2026-07-26 20:34:34,530 [INFO] Profile 'Xiaomi 13T Pro #822' launched successfully (PID=31476, CDP Port=9200).
2026-07-26 20:34:36,916 [INFO] Profile 'iPhone 15 Pro Max #233' launched successfully (PID=6136, CDP Port=9201).
2026-07-26 21:35:58,244 [INFO] [OmniShield Engine] Starting server on http://localhost:3000
2026-07-26 21:35:58,245 [INFO] [OmniShield Engine] Detected Chrome Executable: C:\Program Files\Google\Chrome\Application\chrome.exe
2026-07-26 21:35:58,245 [INFO] [OmniShield Engine] Profiles Storage Directory: C:\Users\Deepak1\OmniShieldProfiles
2026-07-26 21:37:39,835 [INFO] Launching Chrome Profile: 'Xiaomi 13T Pro #822' (id=prof-1785078267782)...
2026-07-26 21:37:41,713 [INFO] Launching Chrome Profile: 'iPhone 15 Pro Max #233' (id=prof-1785078268631)...
2026-07-26 21:37:44,066 [INFO] Profile 'Xiaomi 13T Pro #822' launched successfully (PID=12988, CDP Port=9200).
2026-07-26 21:37:45,789 [INFO] Profile 'iPhone 15 Pro Max #233' launched successfully (PID=24024, CDP Port=9201).
2026-07-26 21:38:05,316 [INFO] Launching Chrome Profile: 'Xiaomi Pad 6 Pro #411' (id=prof-1785082082992)...
2026-07-26 21:38:09,391 [INFO] Profile 'Xiaomi Pad 6 Pro #411' launched successfully (PID=504, CDP Port=9200).
2026-07-26 21:38:09,685 [INFO] Launching Chrome Profile: 'Redmi Pad SE #487' (id=prof-1785082082161)...
2026-07-26 21:38:13,721 [INFO] Profile 'Redmi Pad SE #487' launched successfully (PID=10012, CDP Port=9201).
2026-07-26 21:42:58,545 [INFO] [OmniShield Engine] Starting server on http://localhost:3000
2026-07-26 21:42:58,545 [INFO] [OmniShield Engine] Detected Chrome Executable: C:\Program Files\Google\Chrome\Application\chrome.exe
2026-07-26 21:42:58,545 [INFO] [OmniShield Engine] Profiles Storage Directory: C:\Users\Deepak1\OmniShieldProfiles
2026-07-26 21:43:12,347 [INFO] Launching Chrome Profile: 'OnePlus 12R #670' (id=prof-1785082390414)...
2026-07-26 21:43:13,851 [INFO] Launching Chrome Profile: 'MSI Raider GE78 HX #505' (id=prof-1785082390213)...
2026-07-26 21:43:16,553 [INFO] Profile 'OnePlus 12R #670' launched successfully (PID=3152, CDP Port=9200).
2026-07-26 21:43:17,932 [INFO] Profile 'MSI Raider GE78 HX #505' launched successfully (PID=11852, CDP Port=9201).
2026-07-26 21:46:22,648 [INFO] [Stop] Killed Chrome process PID 3152
2026-07-26 21:46:23,076 [INFO] Launching Chrome Profile: 'OnePlus 12R #670' (id=prof-1785082390414)...
2026-07-26 21:46:26,147 [INFO] [Stop] Killed Chrome process PID 11852
2026-07-26 21:46:27,138 [INFO] Profile 'OnePlus 12R #670' launched successfully (PID=15956, CDP Port=9200).
2026-07-26 23:48:49,850 [INFO] [OmniShield Engine] Starting server on http://localhost:3000
2026-07-26 23:48:49,851 [INFO] [OmniShield Engine] Detected Chrome Executable: C:\Program Files\Google\Chrome\Application\chrome.exe
2026-07-26 23:48:49,853 [INFO] [OmniShield Engine] Profiles Storage Directory: C:\Users\Deepak1\OmniShieldProfiles
2026-07-26 23:49:33,630 [INFO] Launching Chrome Profile: 'OnePlus Open Foldable #479' (id=prof-1785089970368)...
2026-07-26 23:49:37,825 [INFO] Launching Chrome Profile: 'Vivo V30 Pro #919' (id=prof-1785089969251)...
2026-07-26 23:49:52,089 [INFO] Launching Chrome Profile: 'Vivo V30 Pro #919' (id=prof-1785089969251)...
2026-07-26 23:54:29,389 [INFO] [OmniShield Engine] Starting server on http://localhost:3000
2026-07-26 23:54:29,389 [INFO] [OmniShield Engine] Detected Chrome Executable: C:\Program Files\Google\Chrome\Application\chrome.exe
2026-07-26 23:54:29,390 [INFO] [OmniShield Engine] Profiles Storage Directory: C:\Users\Deepak1\OmniShieldProfiles
2026-07-26 23:54:40,695 [INFO] Launching Chrome Profile: 'OnePlus Open Foldable #479' (id=prof-1785089970368)...
2026-07-26 23:54:45,110 [INFO] Profile 'OnePlus Open Foldable #479' launched successfully (PID=13344, CDP Port=9200).
2026-07-26 23:54:48,035 [INFO] Launching Chrome Profile: 'Vivo V30 Pro #919' (id=prof-1785089969251)...
2026-07-26 23:54:52,180 [INFO] Profile 'Vivo V30 Pro #919' launched successfully (PID=24604, CDP Port=9201).
2026-07-27 00:01:57,164 [INFO] [OmniShield Engine] Starting server on http://localhost:3000
2026-07-27 00:01:57,165 [INFO] [OmniShield Engine] Detected Chrome Executable: C:\Program Files\Google\Chrome\Application\chrome.exe
2026-07-27 00:01:57,165 [INFO] [OmniShield Engine] Profiles Storage Directory: C:\Users\Deepak1\OmniShieldProfiles
2026-07-27 00:02:18,285 [INFO] Launching Chrome Profile: 'Acer Predator Helios 16 #455' (id=prof-1785090736867)...
2026-07-27 00:02:23,129 [INFO] Profile 'Acer Predator Helios 16 #455' launched successfully (PID=31680, CDP Port=9200).
2026-07-27 00:02:26,180 [INFO] Launching Chrome Profile: 'Asus ROG Strix SCAR 18 #846' (id=prof-1785090735917)...
2026-07-27 00:02:30,417 [INFO] Profile 'Asus ROG Strix SCAR 18 #846' launched successfully (PID=9660, CDP Port=9201).
2026-07-27 00:03:27,152 [INFO] [OmniShield Engine] Starting server on http://localhost:3000
2026-07-27 00:03:27,152 [INFO] [OmniShield Engine] Detected Chrome Executable: C:\Users\Deepak1\Downloads\New folder\browser_core\chrome.exe
2026-07-27 00:03:27,153 [INFO] [OmniShield Engine] Profiles Storage Directory: C:\Users\Deepak1\OmniShieldProfiles
2026-07-27 00:04:33,720 [INFO] [OmniShield Engine] Starting server on http://localhost:3000
2026-07-27 00:04:33,720 [INFO] [OmniShield Engine] Detected Chrome Executable: C:\Users\Deepak1\Downloads\New folder\browser_core\chrome.exe
2026-07-27 00:04:33,721 [INFO] [OmniShield Engine] Profiles Storage Directory: C:\Users\Deepak1\OmniShieldProfiles
2026-07-27 00:04:44,103 [INFO] Launching Chrome Profile: 'OnePlus 12 #723' (id=prof-1785090880729)...
2026-07-27 00:04:46,964 [INFO] Launching Chrome Profile: 'Lenovo Legion Y700 Gaming Tab #726' (id=prof-1785090880128)...
2026-07-27 00:04:49,641 [INFO] Profile 'OnePlus 12 #723' launched successfully (PID=33312, CDP Port=9200).
2026-07-27 00:04:52,141 [INFO] Profile 'Lenovo Legion Y700 Gaming Tab #726' launched successfully (PID=28820, CDP Port=9201).
2026-07-27 00:05:28,940 [INFO] Launching Chrome Profile: 'iPhone 14 Pro' (id=prof-1785090925929)...
2026-07-27 00:05:34,818 [INFO] Profile 'iPhone 14 Pro' launched successfully (PID=15964, CDP Port=9200).
2026-07-27 00:06:08,283 [INFO] [Stop] Killed Chrome process PID 15964
2026-07-27 00:10:52,697 [INFO] [OmniShield Engine] Starting server on http://localhost:3000
2026-07-27 00:10:52,698 [INFO] [OmniShield Engine] Detected Chrome Executable: C:\Users\Deepak1\Downloads\New folder\browser_core\chrome.exe
2026-07-27 00:10:52,698 [INFO] [OmniShield Engine] Profiles Storage Directory: C:\Users\Deepak1\OmniShieldProfiles
2026-07-27 00:11:50,615 [INFO] Launching Chrome Profile: 'OnePlus 12 #723' (id=prof-1785090880729)...
2026-07-27 00:11:55,255 [INFO] Profile 'OnePlus 12 #723' launched successfully (PID=32776, CDP Port=9200).
2026-07-27 00:12:03,309 [INFO] [OmniShield Engine] Starting server on http://localhost:3000
2026-07-27 00:12:03,309 [INFO] [OmniShield Engine] Detected Chrome Executable: C:\Users\Deepak1\Downloads\New folder\browser_core\chrome.exe
2026-07-27 00:12:03,310 [INFO] [OmniShield Engine] Profiles Storage Directory: C:\Users\Deepak1\OmniShieldProfiles
2026-07-27 00:12:14,356 [INFO] [Stop] Killed Chrome process PID 32776
2026-07-27 00:12:19,915 [INFO] Launching Chrome Profile: 'Samsung Galaxy Tab S9 FE #996' (id=prof-1785091338392)...
2026-07-27 00:12:24,240 [INFO] Profile 'Samsung Galaxy Tab S9 FE #996' launched successfully (PID=22348, CDP Port=9200).
2026-07-27 00:12:24,549 [INFO] Launching Chrome Profile: 'iMac 24" M3 #893' (id=prof-1785091337582)...
2026-07-27 00:12:28,875 [INFO] Profile 'iMac 24" M3 #893' launched successfully (PID=10252, CDP Port=9201).
2026-07-27 00:14:34,291 [INFO] [OmniShield Engine] Starting server on http://localhost:3000
2026-07-27 00:14:34,292 [INFO] [OmniShield Engine] Detected Chrome Executable: C:\Users\Deepak1\Downloads\New folder\browser_core\chrome.exe
2026-07-27 00:14:34,293 [INFO] [OmniShield Engine] Profiles Storage Directory: C:\Users\Deepak1\OmniShieldProfiles
2026-07-27 00:14:50,433 [INFO] [Stop] Killed Chrome process PID 22348
2026-07-27 00:14:53,985 [INFO] [Stop] Killed Chrome process PID 10252
2026-07-27 00:15:02,076 [INFO] Launching Chrome Profile: 'iPad 10th Gen #765' (id=prof-1785091498964)...
2026-07-27 00:15:06,426 [INFO] Profile 'iPad 10th Gen #765' launched successfully (PID=10580, CDP Port=9200).
2026-07-27 00:17:42,194 [INFO] [OmniShield Engine] Starting server on http://localhost:3000
2026-07-27 00:17:42,195 [INFO] [OmniShield Engine] Detected Chrome Executable: C:\Users\Deepak1\Downloads\New folder\browser_core\chrome.exe
2026-07-27 00:17:42,195 [INFO] [OmniShield Engine] Profiles Storage Directory: C:\Users\Deepak1\OmniShieldProfiles
2026-07-27 00:19:58,476 [INFO] [Stop] Killed Chrome process PID 10580
2026-07-27 00:20:05,886 [INFO] Launching Chrome Profile: 'Samsung Galaxy S24+ #633' (id=prof-1785091803529)...
2026-07-27 00:20:10,010 [INFO] Profile 'Samsung Galaxy S24+ #633' launched successfully (PID=5764, CDP Port=9200).
2026-07-27 00:20:20,481 [INFO] [OmniShield Engine] Starting server on http://localhost:3000
2026-07-27 00:20:20,482 [INFO] [OmniShield Engine] Detected Chrome Executable: C:\Users\Deepak1\Downloads\New folder\browser_core\chrome.exe
2026-07-27 00:20:20,483 [INFO] [OmniShield Engine] Profiles Storage Directory: C:\Users\Deepak1\OmniShieldProfiles
2026-07-27 00:20:26,270 [INFO] [Stop] Killed Chrome process PID 5764
2026-07-27 00:20:28,768 [INFO] Launching Chrome Profile: 'Lenovo ThinkPad P1 Gen 6 #709' (id=prof-1785091827499)...
2026-07-27 00:20:33,281 [INFO] Profile 'Lenovo ThinkPad P1 Gen 6 #709' launched successfully (PID=32296, CDP Port=9201).
2026-07-27 00:21:38,124 [INFO] Launching Chrome Profile: 'Lenovo ThinkPad P1 Gen 6 #709' (id=prof-1785091827499)...
2026-07-27 00:23:09,316 [INFO] [OmniShield Engine] Starting server on http://localhost:3000
2026-07-27 00:23:09,317 [INFO] [OmniShield Engine] Detected Chrome Executable: C:\Users\Deepak1\Downloads\New folder\browser_core\chrome.exe
2026-07-27 00:23:09,317 [INFO] [OmniShield Engine] Profiles Storage Directory: C:\Users\Deepak1\OmniShieldProfiles
2026-07-27 00:23:36,469 [INFO] Launching Chrome Profile: 'Lenovo ThinkPad P1 Gen 6 #709' (id=prof-1785091827499)...
2026-07-27 00:23:41,028 [INFO] Profile 'Lenovo ThinkPad P1 Gen 6 #709' launched successfully (PID=19068, CDP Port=9200).
2026-07-27 00:26:51,470 [INFO] [OmniShield Engine] Starting server on http://localhost:3000
2026-07-27 00:26:51,471 [INFO] [OmniShield Engine] Detected Chrome Executable: C:\Users\Deepak1\Downloads\New folder\browser_core\chrome.exe
2026-07-27 00:26:51,472 [INFO] [OmniShield Engine] Profiles Storage Directory: C:\Users\Deepak1\OmniShieldProfiles
2026-07-27 00:26:55,124 [INFO] [Stop] Killed Chrome process PID 19068
2026-07-27 00:27:02,085 [INFO] Launching Chrome Profile: 'Mac Studio M2 Ultra #600' (id=prof-1785092220235)...
2026-07-27 00:27:06,263 [INFO] Profile 'Mac Studio M2 Ultra #600' launched successfully (PID=21240, CDP Port=9200).
2026-07-27 07:42:10,308 [INFO] [OmniShield Engine] Starting server on http://localhost:3000
2026-07-27 07:42:10,309 [INFO] [OmniShield Engine] Detected Chrome Executable: C:\Program Files\Google\Chrome\Application\chrome.exe
2026-07-27 07:42:10,309 [INFO] [OmniShield Engine] Profiles Storage Directory: C:\Users\Deepak1\OmniShieldProfiles
2026-07-27 07:44:22,611 [INFO] [Stop] Killed Chrome process PID 21240
2026-07-27 07:44:27,118 [INFO] Launching Chrome Profile: 'Dell XPS 15 (RTX 4060) #848' (id=prof-1785118465858)...
2026-07-27 07:44:31,234 [INFO] Profile 'Dell XPS 15 (RTX 4060) #848' launched successfully (PID=3676, CDP Port=9200).
2026-07-27 07:44:35,311 [INFO] [Stop] Killed Chrome process PID 3676
2026-07-27 07:44:41,715 [INFO] [OmniShield Engine] Starting server on http://localhost:3000
2026-07-27 07:44:41,716 [INFO] [OmniShield Engine] Detected Chrome Executable: C:\Program Files\Google\Chrome\Application\chrome.exe
2026-07-27 07:44:41,716 [INFO] [OmniShield Engine] Profiles Storage Directory: C:\Users\Deepak1\OmniShieldProfiles
2026-07-27 07:44:46,367 [INFO] Launching Chrome Profile: 'Dell XPS 15 (RTX 4060) #848' (id=prof-1785118465858)...
2026-07-27 07:44:50,452 [INFO] Profile 'Dell XPS 15 (RTX 4060) #848' launched successfully (PID=33356, CDP Port=9200).
2026-07-27 07:47:35,323 [INFO] [OmniShield Engine] Starting server on http://localhost:3000
2026-07-27 07:47:35,323 [INFO] [OmniShield Engine] Detected Chrome Executable: C:\Program Files\Google\Chrome\Application\chrome.exe
2026-07-27 07:47:35,323 [INFO] [OmniShield Engine] Profiles Storage Directory: C:\Users\Deepak1\OmniShieldProfiles
2026-07-27 07:48:34,799 [INFO] Launching Chrome Profile: 'Dell XPS 15 (RTX 4060) #848' (id=prof-1785118465858)...
2026-07-27 07:50:16,741 [INFO] [Stop] Killed Chrome process PID 33356
2026-07-27 07:50:18,845 [INFO] Launching Chrome Profile: 'Acer Predator Helios 16 #298' (id=prof-1785118815048)...
2026-07-27 07:50:22,931 [INFO] Profile 'Acer Predator Helios 16 #298' launched successfully (PID=16536, CDP Port=9200).
2026-07-27 07:50:24,729 [INFO] Launching Chrome Profile: 'Dell XPS 15 (RTX 4060) #848' (id=prof-1785118465858)...
2026-07-27 07:50:25,540 [INFO] Launching Chrome Profile: 'Mac Studio M2 Ultra #600' (id=prof-1785092220235)...
2026-07-27 07:50:27,877 [INFO] Profile 'Dell XPS 15 (RTX 4060) #848' launched successfully (PID=14580, CDP Port=9201).
2026-07-27 07:50:28,909 [INFO] Profile 'Dell XPS 15 (RTX 4060) #848' launched successfully (PID=8276, CDP Port=9201).
2026-07-27 07:50:29,641 [INFO] Profile 'Mac Studio M2 Ultra #600' launched successfully (PID=35660, CDP Port=9202).
2026-07-27 07:51:58,059 [INFO] [OmniShield Engine] Starting server on http://localhost:3000
2026-07-27 07:51:58,060 [INFO] [OmniShield Engine] Detected Chrome Executable: C:\Program Files\Google\Chrome\Application\chrome.exe
2026-07-27 07:51:58,060 [INFO] [OmniShield Engine] Profiles Storage Directory: C:\Users\Deepak1\OmniShieldProfiles
2026-07-27 07:53:10,216 [INFO] Launching Chrome Profile: 'iPad Pro 12.9" M2 #754' (id=prof-1785118988955)...
2026-07-27 07:53:14,689 [INFO] Profile 'iPad Pro 12.9" M2 #754' launched successfully (PID=24416, CDP Port=9200).
2026-07-27 07:53:20,977 [INFO] [Stop] Killed Chrome process PID 24416
2026-07-27 07:53:22,450 [INFO] Launching Chrome Profile: 'Acer Predator Helios 16 #298' (id=prof-1785118815048)...
2026-07-27 07:53:26,566 [INFO] Profile 'Acer Predator Helios 16 #298' launched successfully (PID=11512, CDP Port=9200).
2026-07-27 07:55:59,004 [INFO] [OmniShield Engine] Starting server on http://localhost:3000
2026-07-27 07:55:59,005 [INFO] [OmniShield Engine] Detected Chrome Executable: C:\Program Files\Google\Chrome\Application\chrome.exe
2026-07-27 07:55:59,005 [INFO] [OmniShield Engine] Profiles Storage Directory: C:\Users\Deepak1\OmniShieldProfiles
2026-07-27 07:56:26,226 [INFO] Launching Chrome Profile: 'iPad Pro 12.9" M2 #754' (id=prof-1785118988955)...
2026-07-27 07:56:30,969 [INFO] Profile 'iPad Pro 12.9" M2 #754' launched successfully (PID=15284, CDP Port=9200).
2026-07-27 07:56:59,267 [INFO] Launching Chrome Profile: 'Acer Predator Helios 16 #298' (id=prof-1785118815048)...
2026-07-27 07:57:03,383 [INFO] Profile 'Acer Predator Helios 16 #298' launched successfully (PID=14652, CDP Port=9201).
2026-07-27 08:04:21,360 [INFO] [OmniShield Engine] Starting server on http://localhost:3000
2026-07-27 08:04:21,361 [INFO] [OmniShield Engine] Detected Chrome Executable: C:\Program Files\Google\Chrome\Application\chrome.exe
2026-07-27 08:04:21,361 [INFO] [OmniShield Engine] Profiles Storage Directory: C:\Users\Deepak1\OmniShieldProfiles
2026-07-27 08:04:25,305 [INFO] Launching Chrome Profile: 'iPad Pro 12.9" M2 #754' (id=prof-1785118988955)...
2026-07-27 08:04:29,678 [INFO] Profile 'iPad Pro 12.9" M2 #754' launched successfully (PID=36196, CDP Port=9200).
2026-07-27 08:09:12,860 [INFO] [OmniShield Engine] Starting server on http://localhost:3000
2026-07-27 08:09:12,861 [INFO] [OmniShield Engine] Detected Chrome Executable: C:\Program Files\Google\Chrome\Application\chrome.exe
2026-07-27 08:09:12,861 [INFO] [OmniShield Engine] Profiles Storage Directory: C:\Users\Deepak1\OmniShieldProfiles
2026-07-27 08:09:28,488 [INFO] Launching Chrome Profile: 'MacBook Air 15" M3 #148' (id=prof-1785119926072)...
2026-07-27 08:09:32,939 [INFO] Profile 'MacBook Air 15" M3 #148' launched successfully (PID=12912, CDP Port=9200).
2026-07-27 08:13:44,164 [INFO] [Stop] Killed Chrome process PID 12912
2026-07-27 08:13:45,774 [INFO] Launching Chrome Profile: 'Asus TUF Gaming A15 #382' (id=prof-1785120221055)...
2026-07-27 08:13:49,876 [INFO] Profile 'Asus TUF Gaming A15 #382' launched successfully (PID=7812, CDP Port=9200).
2026-07-27 08:17:06,909 [INFO] [OmniShield Engine] Starting server on http://localhost:3000
2026-07-27 08:17:06,910 [INFO] [OmniShield Engine] Detected Chrome Executable: C:\Users\Deepak1\Downloads\New folder\browser_core\chrome.exe
2026-07-27 08:17:06,910 [INFO] [OmniShield Engine] Profiles Storage Directory: C:\Users\Deepak1\OmniShieldProfiles
2026-07-27 08:17:11,470 [INFO] Launching Chrome Profile: 'Nothing Phone (2) #103' (id=prof-1785120430460)...
2026-07-27 08:17:15,874 [INFO] Profile 'Nothing Phone (2) #103' launched successfully (PID=17496, CDP Port=9200).
2026-07-27 08:23:21,379 [INFO] Launching Chrome Profile: 'Nokia T21 Tablet #183' (id=prof-1785120799460)...
2026-07-27 08:23:25,515 [INFO] Profile 'Nokia T21 Tablet #183' launched successfully (PID=3132, CDP Port=9200).
2026-07-27 08:24:26,890 [INFO] [OmniShield Engine] Starting server on http://localhost:3000
2026-07-27 08:24:26,890 [INFO] [OmniShield Engine] Detected Chrome Executable: C:\Users\Deepak1\Downloads\New folder\browser_core\chrome.exe
2026-07-27 08:24:26,891 [INFO] [OmniShield Engine] Profiles Storage Directory: C:\Users\Deepak1\OmniShieldProfiles
2026-07-27 08:27:03,841 [INFO] Launching Chrome Profile: 'Nokia T21 Tablet #183' (id=prof-1785120799460)...
2026-07-27 08:27:08,227 [INFO] Profile 'Nokia T21 Tablet #183' launched successfully (PID=24988, CDP Port=9200).
2026-07-27 08:27:30,327 [INFO] [Stop] Killed Chrome process PID 24988
2026-07-27 08:27:42,500 [INFO] [OmniShield Engine] Starting server on http://localhost:3000
2026-07-27 08:27:42,501 [INFO] [OmniShield Engine] Detected Chrome Executable: C:\Users\Deepak1\Downloads\New folder\browser_core\chrome.exe
2026-07-27 08:27:42,501 [INFO] [OmniShield Engine] Profiles Storage Directory: C:\Users\Deepak1\OmniShieldProfiles
2026-07-27 08:27:44,035 [INFO] Launching Chrome Profile: 'Nokia T21 Tablet #183' (id=prof-1785120799460)...
2026-07-27 08:27:48,413 [INFO] Profile 'Nokia T21 Tablet #183' launched successfully (PID=30600, CDP Port=9200).
2026-07-27 08:53:52,799 [INFO] [OmniShield Engine] Starting server on http://localhost:3000
2026-07-27 08:53:52,800 [INFO] [OmniShield Engine] Detected Chrome Executable: C:\Users\Deepak1\Downloads\New folder\browser_core\chrome.exe
2026-07-27 08:53:52,801 [INFO] [OmniShield Engine] Profiles Storage Directory: C:\Users\Deepak1\OmniShieldProfiles
2026-07-27 08:53:58,610 [INFO] Launching Chrome Profile: 'Acer Swift Go 14 #875' (id=prof-1785122636524)...
2026-07-27 08:54:03,101 [INFO] Profile 'Acer Swift Go 14 #875' launched successfully (PID=20812, CDP Port=9200).
2026-07-27 08:54:52,163 [INFO] [Stop] Killed Chrome process PID 20812
2026-07-27 08:54:57,046 [INFO] Launching Chrome Profile: 'iPad 10th Gen #888' (id=prof-1785122693416)...
2026-07-27 08:55:01,176 [INFO] Profile 'iPad 10th Gen #888' launched successfully (PID=6880, CDP Port=9200).
2026-07-27 17:19:33,171 [INFO] [OmniShield Engine] Starting server on http://localhost:3000
2026-07-27 17:19:33,171 [INFO] [OmniShield Engine] Detected Chrome Executable: C:\Users\Deepak1\Downloads\New folder\browser_core\chrome.exe
2026-07-27 17:19:33,172 [INFO] [OmniShield Engine] Profiles Storage Directory: C:\Users\Deepak1\OmniShieldProfiles
2026-07-27 17:19:41,329 [INFO] Launching Chrome Profile: 'Redmi Note 7 #253' (id=prof-1785152977532)...
2026-07-27 17:19:42,005 [INFO] Launching Chrome Profile: 'Honor Pad 9 #991' (id=prof-1785152978770)...
2026-07-27 17:19:44,568 [INFO] Profile 'Honor Pad 9 #991' launched successfully (PID=21060, CDP Port=9200).
2026-07-27 17:19:44,569 [INFO] Profile 'Redmi Note 7 #253' launched successfully (PID=13636, CDP Port=9200).
2026-07-27 17:35:53,310 [INFO] Launching Chrome Profile: 'HP Spectre x360 16 #853' (id=prof-1785153946646)...
2026-07-27 17:35:56,342 [INFO] Launching Chrome Profile: 'Acer Swift Go 14 #875' (id=prof-1785122636524)...
2026-07-27 17:35:57,456 [INFO] Profile 'HP Spectre x360 16 #853' launched successfully (PID=1884, CDP Port=9200).
2026-07-27 17:36:00,466 [INFO] Profile 'Acer Swift Go 14 #875' launched successfully (PID=27764, CDP Port=9201).
2026-07-27 17:52:29,283 [INFO] [OmniShield Engine] Starting server on http://localhost:3000
2026-07-27 17:52:29,284 [INFO] [OmniShield Engine] Detected Chrome Executable: C:\Users\Deepak1\Downloads\New folder\browser_core\chrome.exe
2026-07-27 17:52:29,284 [INFO] [OmniShield Engine] Profiles Storage Directory: C:\Users\Deepak1\OmniShieldProfiles
2026-07-27 18:44:17,640 [INFO] [OmniShield Engine] Starting server on http://localhost:3000
2026-07-27 18:44:17,640 [INFO] [OmniShield Engine] Detected Chrome Executable: C:\Users\Deepak1\Downloads\New folder\browser_core\chrome.exe
2026-07-27 18:44:17,640 [INFO] [OmniShield Engine] Profiles Storage Directory: C:\Users\Deepak1\OmniShieldProfiles
2026-07-27 18:44:33,531 [INFO] Launching Chrome Profile: 'Dell Alienware x16 R2 #396' (id=prof-1785158071744)...
2026-07-27 18:44:36,190 [INFO] [OmniShield Engine] Starting server on http://localhost:3000
2026-07-27 18:44:36,190 [INFO] [OmniShield Engine] Detected Chrome Executable: C:\Users\Deepak1\Downloads\New folder\browser_core\chrome.exe
2026-07-27 18:44:36,190 [INFO] [OmniShield Engine] Profiles Storage Directory: C:\Users\Deepak1\OmniShieldProfiles
2026-07-27 18:44:36,239 [INFO] Launching Chrome Profile: 'MSI Raider GE78 HX #669' (id=prof-1785158070192)...
2026-07-27 18:44:40,404 [INFO] Profile 'MSI Raider GE78 HX #669' launched successfully (PID=23360, CDP Port=9200).
2026-07-27 18:44:41,564 [INFO] Launching Chrome Profile: 'MSI Raider GE78 HX #669' (id=prof-1785158070192)...
2026-07-27 18:44:49,824 [INFO] Launching Chrome Profile: 'Dell Alienware x16 R2 #396' (id=prof-1785158071744)...
2026-07-27 18:44:53,067 [INFO] [Stop] Killed Chrome process PID 23360
2026-07-27 18:44:53,899 [INFO] Profile 'Dell Alienware x16 R2 #396' launched successfully (PID=36548, CDP Port=9201).
2026-07-27 18:44:56,016 [INFO] Profile 'MSI Raider GE78 HX #669' launched successfully (PID=34116, CDP Port=9201).
2026-07-27 18:45:03,941 [INFO] [Stop] Killed Chrome process PID 34116
2026-07-27 18:51:56,222 [INFO] Launching Chrome Profile: 'Dell Alienware x16 R2 #396' (id=prof-1785158071744)...
2026-07-27 18:52:00,311 [INFO] Profile 'Dell Alienware x16 R2 #396' launched successfully (PID=30188, CDP Port=9200).
2026-07-27 18:53:24,773 [INFO] [OmniShield Engine] Starting server on http://localhost:3000
2026-07-27 18:53:24,773 [INFO] [OmniShield Engine] Detected Chrome Executable: C:\Users\Deepak1\Downloads\New folder\browser_core\chrome.exe
2026-07-27 18:53:24,773 [INFO] [OmniShield Engine] Profiles Storage Directory: C:\Users\Deepak1\OmniShieldProfiles
2026-07-27 19:25:47,973 [INFO] [OmniShield Engine] Starting server on http://localhost:3000
2026-07-27 19:25:47,974 [INFO] [OmniShield Engine] Detected Chrome Executable: C:\Users\Deepak1\Downloads\New folder\browser_core\chrome.exe
2026-07-27 19:25:47,974 [INFO] [OmniShield Engine] Profiles Storage Directory: C:\Users\Deepak1\OmniShieldProfiles
2026-07-27 19:25:49,533 [INFO] Launching Chrome Profile: 'Dell Alienware x16 R2 #396' (id=prof-1785158071744)...
2026-07-27 19:25:53,222 [INFO] [OmniShield Engine] Starting server on http://localhost:3000
2026-07-27 19:25:53,223 [INFO] [OmniShield Engine] Detected Chrome Executable: C:\Users\Deepak1\Downloads\New folder\browser_core\chrome.exe
2026-07-27 19:25:53,223 [INFO] [OmniShield Engine] Profiles Storage Directory: C:\Users\Deepak1\OmniShieldProfiles
2026-07-27 19:25:55,986 [INFO] Launching Chrome Profile: 'MSI Raider GE78 HX #669' (id=prof-1785158070192)...
2026-07-27 19:26:00,168 [INFO] Profile 'MSI Raider GE78 HX #669' launched successfully (PID=35768, CDP Port=9200).
2026-07-27 19:26:07,886 [INFO] Launching Chrome Profile: 'Dell Alienware x16 R2 #396' (id=prof-1785158071744)...
2026-07-27 19:26:11,564 [INFO] [Stop] Killed Chrome process PID 35768
2026-07-27 19:26:11,962 [INFO] Profile 'Dell Alienware x16 R2 #396' launched successfully (PID=25044, CDP Port=9201).
2026-07-27 19:27:08,855 [INFO] [OmniShield Engine] Starting server on http://localhost:3000
2026-07-27 19:27:08,856 [INFO] [OmniShield Engine] Detected Chrome Executable: C:\Users\Deepak1\Downloads\New folder\browser_core\chrome.exe
2026-07-27 19:27:08,856 [INFO] [OmniShield Engine] Profiles Storage Directory: C:\Users\Deepak1\OmniShieldProfiles
2026-07-27 19:39:42,729 [INFO] [OmniShield Engine] Starting server on http://localhost:3000
2026-07-27 19:39:42,730 [INFO] [OmniShield Engine] Detected Chrome Executable: C:\Users\Deepak1\Downloads\New folder\browser_core\chrome.exe
2026-07-27 19:39:42,731 [INFO] [OmniShield Engine] Profiles Storage Directory: C:\Users\Deepak1\OmniShieldProfiles
2026-07-27 19:39:45,770 [INFO] Launching Chrome Profile: 'Dell Alienware x16 R2 #396' (id=prof-1785158071744)...
2026-07-27 19:39:50,015 [INFO] Profile 'Dell Alienware x16 R2 #396' launched successfully (PID=30092, CDP Port=9200).
